// Jest Snapshot v1, https://goo.gl/fbAQLP

exports[`<SelectSide /> renders side 1`] = `
<div
  className="side-container "
  onClick={[MockFunction]}
>
  <div
    className="side-header"
    data-testid="side-header"
    style={Object {}}
  >
    header
  </div>
</div>
`;
